
main:     file format elf64-x86-64


Disassembly of section .init:

0000000000001000 <_init>:
    1000:	f3 0f 1e fa          	endbr64 
    1004:	48 83 ec 08          	sub    $0x8,%rsp
    1008:	48 8b 05 d9 2f 00 00 	mov    0x2fd9(%rip),%rax        # 3fe8 <__gmon_start__@Base>
    100f:	48 85 c0             	test   %rax,%rax
    1012:	74 02                	je     1016 <_init+0x16>
    1014:	ff d0                	call   *%rax
    1016:	48 83 c4 08          	add    $0x8,%rsp
    101a:	c3                   	ret    

Disassembly of section .plt:

0000000000001020 <_Z3fooi@plt-0x10>:
    1020:	ff 35 e2 2f 00 00    	push   0x2fe2(%rip)        # 4008 <_GLOBAL_OFFSET_TABLE_+0x8>
    1026:	ff 25 e4 2f 00 00    	jmp    *0x2fe4(%rip)        # 4010 <_GLOBAL_OFFSET_TABLE_+0x10>
    102c:	0f 1f 40 00          	nopl   0x0(%rax)

0000000000001030 <_Z3fooi@plt>:
    1030:	ff 25 e2 2f 00 00    	jmp    *0x2fe2(%rip)        # 4018 <_Z3fooi@Base>
    1036:	68 00 00 00 00       	push   $0x0
    103b:	e9 e0 ff ff ff       	jmp    1020 <_init+0x20>

0000000000001040 <__cxa_atexit@plt>:
    1040:	ff 25 da 2f 00 00    	jmp    *0x2fda(%rip)        # 4020 <__cxa_atexit@GLIBC_2.2.5>
    1046:	68 01 00 00 00       	push   $0x1
    104b:	e9 d0 ff ff ff       	jmp    1020 <_init+0x20>

0000000000001050 <_ZNSolsEPFRSoS_E@plt>:
    1050:	ff 25 d2 2f 00 00    	jmp    *0x2fd2(%rip)        # 4028 <_ZNSolsEPFRSoS_E@GLIBCXX_3.4>
    1056:	68 02 00 00 00       	push   $0x2
    105b:	e9 c0 ff ff ff       	jmp    1020 <_init+0x20>

0000000000001060 <_ZNSt8ios_base4InitC1Ev@plt>:
    1060:	ff 25 ca 2f 00 00    	jmp    *0x2fca(%rip)        # 4030 <_ZNSt8ios_base4InitC1Ev@GLIBCXX_3.4>
    1066:	68 03 00 00 00       	push   $0x3
    106b:	e9 b0 ff ff ff       	jmp    1020 <_init+0x20>

0000000000001070 <_ZNSolsEi@plt>:
    1070:	ff 25 c2 2f 00 00    	jmp    *0x2fc2(%rip)        # 4038 <_ZNSolsEi@GLIBCXX_3.4>
    1076:	68 04 00 00 00       	push   $0x4
    107b:	e9 a0 ff ff ff       	jmp    1020 <_init+0x20>

Disassembly of section .plt.got:

0000000000001080 <__cxa_finalize@plt>:
    1080:	ff 25 32 2f 00 00    	jmp    *0x2f32(%rip)        # 3fb8 <__cxa_finalize@GLIBC_2.2.5>
    1086:	66 90                	xchg   %ax,%ax

Disassembly of section .text:

0000000000001090 <__cxx_global_var_init>:
    1090:	55                   	push   %rbp
    1091:	48 89 e5             	mov    %rsp,%rbp
    1094:	48 8d 3d b6 2f 00 00 	lea    0x2fb6(%rip),%rdi        # 4051 <_ZStL8__ioinit>
    109b:	e8 c0 ff ff ff       	call   1060 <_ZNSt8ios_base4InitC1Ev@plt>
    10a0:	48 8b 3d 51 2f 00 00 	mov    0x2f51(%rip),%rdi        # 3ff8 <_ZNSt8ios_base4InitD1Ev@GLIBCXX_3.4>
    10a7:	48 8d 35 a3 2f 00 00 	lea    0x2fa3(%rip),%rsi        # 4051 <_ZStL8__ioinit>
    10ae:	48 8d 15 93 2f 00 00 	lea    0x2f93(%rip),%rdx        # 4048 <__dso_handle>
    10b5:	e8 86 ff ff ff       	call   1040 <__cxa_atexit@plt>
    10ba:	5d                   	pop    %rbp
    10bb:	c3                   	ret    
    10bc:	0f 1f 40 00          	nopl   0x0(%rax)

00000000000010c0 <_GLOBAL__sub_I_main.cpp>:
    10c0:	55                   	push   %rbp
    10c1:	48 89 e5             	mov    %rsp,%rbp
    10c4:	e8 c7 ff ff ff       	call   1090 <__cxx_global_var_init>
    10c9:	5d                   	pop    %rbp
    10ca:	c3                   	ret    
    10cb:	0f 1f 44 00 00       	nopl   0x0(%rax,%rax,1)

00000000000010d0 <_start>:
    10d0:	f3 0f 1e fa          	endbr64 
    10d4:	31 ed                	xor    %ebp,%ebp
    10d6:	49 89 d1             	mov    %rdx,%r9
    10d9:	5e                   	pop    %rsi
    10da:	48 89 e2             	mov    %rsp,%rdx
    10dd:	48 83 e4 f0          	and    $0xfffffffffffffff0,%rsp
    10e1:	50                   	push   %rax
    10e2:	54                   	push   %rsp
    10e3:	45 31 c0             	xor    %r8d,%r8d
    10e6:	31 c9                	xor    %ecx,%ecx
    10e8:	48 8d 3d d1 00 00 00 	lea    0xd1(%rip),%rdi        # 11c0 <main>
    10ef:	ff 15 d3 2e 00 00    	call   *0x2ed3(%rip)        # 3fc8 <__libc_start_main@GLIBC_2.34>
    10f5:	f4                   	hlt    
    10f6:	66 2e 0f 1f 84 00 00 	cs nopw 0x0(%rax,%rax,1)
    10fd:	00 00 00 

0000000000001100 <deregister_tm_clones>:
    1100:	48 8d 3d 49 2f 00 00 	lea    0x2f49(%rip),%rdi        # 4050 <__TMC_END__>
    1107:	48 8d 05 42 2f 00 00 	lea    0x2f42(%rip),%rax        # 4050 <__TMC_END__>
    110e:	48 39 f8             	cmp    %rdi,%rax
    1111:	74 15                	je     1128 <deregister_tm_clones+0x28>
    1113:	48 8b 05 c6 2e 00 00 	mov    0x2ec6(%rip),%rax        # 3fe0 <_ITM_deregisterTMCloneTable@Base>
    111a:	48 85 c0             	test   %rax,%rax
    111d:	74 09                	je     1128 <deregister_tm_clones+0x28>
    111f:	ff e0                	jmp    *%rax
    1121:	0f 1f 80 00 00 00 00 	nopl   0x0(%rax)
    1128:	c3                   	ret    
    1129:	0f 1f 80 00 00 00 00 	nopl   0x0(%rax)

0000000000001130 <register_tm_clones>:
    1130:	48 8d 3d 19 2f 00 00 	lea    0x2f19(%rip),%rdi        # 4050 <__TMC_END__>
    1137:	48 8d 35 12 2f 00 00 	lea    0x2f12(%rip),%rsi        # 4050 <__TMC_END__>
    113e:	48 29 fe             	sub    %rdi,%rsi
    1141:	48 89 f0             	mov    %rsi,%rax
    1144:	48 c1 ee 3f          	shr    $0x3f,%rsi
    1148:	48 c1 f8 03          	sar    $0x3,%rax
    114c:	48 01 c6             	add    %rax,%rsi
    114f:	48 d1 fe             	sar    %rsi
    1152:	74 14                	je     1168 <register_tm_clones+0x38>
    1154:	48 8b 05 95 2e 00 00 	mov    0x2e95(%rip),%rax        # 3ff0 <_ITM_registerTMCloneTable@Base>
    115b:	48 85 c0             	test   %rax,%rax
    115e:	74 08                	je     1168 <register_tm_clones+0x38>
    1160:	ff e0                	jmp    *%rax
    1162:	66 0f 1f 44 00 00    	nopw   0x0(%rax,%rax,1)
    1168:	c3                   	ret    
    1169:	0f 1f 80 00 00 00 00 	nopl   0x0(%rax)

0000000000001170 <__do_global_dtors_aux>:
    1170:	f3 0f 1e fa          	endbr64 
    1174:	80 3d d5 2e 00 00 00 	cmpb   $0x0,0x2ed5(%rip)        # 4050 <__TMC_END__>
    117b:	75 2b                	jne    11a8 <__do_global_dtors_aux+0x38>
    117d:	55                   	push   %rbp
    117e:	48 83 3d 32 2e 00 00 	cmpq   $0x0,0x2e32(%rip)        # 3fb8 <__cxa_finalize@GLIBC_2.2.5>
    1185:	00 
    1186:	48 89 e5             	mov    %rsp,%rbp
    1189:	74 0c                	je     1197 <__do_global_dtors_aux+0x27>
    118b:	48 8b 3d b6 2e 00 00 	mov    0x2eb6(%rip),%rdi        # 4048 <__dso_handle>
    1192:	e8 e9 fe ff ff       	call   1080 <__cxa_finalize@plt>
    1197:	e8 64 ff ff ff       	call   1100 <deregister_tm_clones>
    119c:	c6 05 ad 2e 00 00 01 	movb   $0x1,0x2ead(%rip)        # 4050 <__TMC_END__>
    11a3:	5d                   	pop    %rbp
    11a4:	c3                   	ret    
    11a5:	0f 1f 00             	nopl   (%rax)
    11a8:	c3                   	ret    
    11a9:	0f 1f 80 00 00 00 00 	nopl   0x0(%rax)

00000000000011b0 <frame_dummy>:
    11b0:	f3 0f 1e fa          	endbr64 
    11b4:	e9 77 ff ff ff       	jmp    1130 <register_tm_clones>
    11b9:	0f 1f 80 00 00 00 00 	nopl   0x0(%rax)

00000000000011c0 <main>:
    11c0:	55                   	push   %rbp
    11c1:	48 89 e5             	mov    %rsp,%rbp
    11c4:	48 83 ec 10          	sub    $0x10,%rsp
    11c8:	c7 45 fc 00 00 00 00 	movl   $0x0,-0x4(%rbp)
    11cf:	89 7d f8             	mov    %edi,-0x8(%rbp)
    11d2:	48 89 75 f0          	mov    %rsi,-0x10(%rbp)
    11d6:	48 8b 05 f3 2d 00 00 	mov    0x2df3(%rip),%rax        # 3fd0 <x@Base>
    11dd:	8b 30                	mov    (%rax),%esi
    11df:	48 8b 3d f2 2d 00 00 	mov    0x2df2(%rip),%rdi        # 3fd8 <_ZSt4cout@GLIBCXX_3.4>
    11e6:	e8 85 fe ff ff       	call   1070 <_ZNSolsEi@plt>
    11eb:	48 89 c7             	mov    %rax,%rdi
    11ee:	48 8b 35 cb 2d 00 00 	mov    0x2dcb(%rip),%rsi        # 3fc0 <_ZSt4endlIcSt11char_traitsIcEERSt13basic_ostreamIT_T0_ES6_@GLIBCXX_3.4>
    11f5:	e8 56 fe ff ff       	call   1050 <_ZNSolsEPFRSoS_E@plt>
    11fa:	48 8b 05 cf 2d 00 00 	mov    0x2dcf(%rip),%rax        # 3fd0 <x@Base>
    1201:	8b 38                	mov    (%rax),%edi
    1203:	e8 28 fe ff ff       	call   1030 <_Z3fooi@plt>
    1208:	31 c0                	xor    %eax,%eax
    120a:	48 83 c4 10          	add    $0x10,%rsp
    120e:	5d                   	pop    %rbp
    120f:	c3                   	ret    

Disassembly of section .fini:

0000000000001210 <_fini>:
    1210:	f3 0f 1e fa          	endbr64 
    1214:	48 83 ec 08          	sub    $0x8,%rsp
    1218:	48 83 c4 08          	add    $0x8,%rsp
    121c:	c3                   	ret    
