
main:     file format elf64-x86-64


Disassembly of section .init:

0000000000401000 <_init>:
  401000:	f3 0f 1e fa          	endbr64 
  401004:	48 83 ec 08          	sub    $0x8,%rsp
  401008:	48 8b 05 e1 2f 00 00 	mov    0x2fe1(%rip),%rax        # 403ff0 <__gmon_start__@Base>
  40100f:	48 85 c0             	test   %rax,%rax
  401012:	74 02                	je     401016 <_init+0x16>
  401014:	ff d0                	call   *%rax
  401016:	48 83 c4 08          	add    $0x8,%rsp
  40101a:	c3                   	ret    

Disassembly of section .plt:

0000000000401020 <.plt>:
  401020:	ff 35 e2 2f 00 00    	push   0x2fe2(%rip)        # 404008 <_GLOBAL_OFFSET_TABLE_+0x8>
  401026:	f2 ff 25 e3 2f 00 00 	bnd jmp *0x2fe3(%rip)        # 404010 <_GLOBAL_OFFSET_TABLE_+0x10>
  40102d:	0f 1f 00             	nopl   (%rax)
  401030:	f3 0f 1e fa          	endbr64 
  401034:	68 00 00 00 00       	push   $0x0
  401039:	f2 e9 e1 ff ff ff    	bnd jmp 401020 <_init+0x20>
  40103f:	90                   	nop
  401040:	f3 0f 1e fa          	endbr64 
  401044:	68 01 00 00 00       	push   $0x1
  401049:	f2 e9 d1 ff ff ff    	bnd jmp 401020 <_init+0x20>
  40104f:	90                   	nop
  401050:	f3 0f 1e fa          	endbr64 
  401054:	68 02 00 00 00       	push   $0x2
  401059:	f2 e9 c1 ff ff ff    	bnd jmp 401020 <_init+0x20>
  40105f:	90                   	nop
  401060:	f3 0f 1e fa          	endbr64 
  401064:	68 03 00 00 00       	push   $0x3
  401069:	f2 e9 b1 ff ff ff    	bnd jmp 401020 <_init+0x20>
  40106f:	90                   	nop

Disassembly of section .plt.sec:

0000000000401070 <__cxa_atexit@plt>:
  401070:	f3 0f 1e fa          	endbr64 
  401074:	f2 ff 25 9d 2f 00 00 	bnd jmp *0x2f9d(%rip)        # 404018 <__cxa_atexit@GLIBC_2.2.5>
  40107b:	0f 1f 44 00 00       	nopl   0x0(%rax,%rax,1)

0000000000401080 <_ZStlsISt11char_traitsIcEERSt13basic_ostreamIcT_ES5_PKc@plt>:
  401080:	f3 0f 1e fa          	endbr64 
  401084:	f2 ff 25 95 2f 00 00 	bnd jmp *0x2f95(%rip)        # 404020 <_ZStlsISt11char_traitsIcEERSt13basic_ostreamIcT_ES5_PKc@GLIBCXX_3.4>
  40108b:	0f 1f 44 00 00       	nopl   0x0(%rax,%rax,1)

0000000000401090 <_ZNSolsEPFRSoS_E@plt>:
  401090:	f3 0f 1e fa          	endbr64 
  401094:	f2 ff 25 8d 2f 00 00 	bnd jmp *0x2f8d(%rip)        # 404028 <_ZNSolsEPFRSoS_E@GLIBCXX_3.4>
  40109b:	0f 1f 44 00 00       	nopl   0x0(%rax,%rax,1)

00000000004010a0 <_ZNSt8ios_base4InitC1Ev@plt>:
  4010a0:	f3 0f 1e fa          	endbr64 
  4010a4:	f2 ff 25 85 2f 00 00 	bnd jmp *0x2f85(%rip)        # 404030 <_ZNSt8ios_base4InitC1Ev@GLIBCXX_3.4>
  4010ab:	0f 1f 44 00 00       	nopl   0x0(%rax,%rax,1)

Disassembly of section .text:

00000000004010b0 <_start>:
  4010b0:	f3 0f 1e fa          	endbr64 
  4010b4:	31 ed                	xor    %ebp,%ebp
  4010b6:	49 89 d1             	mov    %rdx,%r9
  4010b9:	5e                   	pop    %rsi
  4010ba:	48 89 e2             	mov    %rsp,%rdx
  4010bd:	48 83 e4 f0          	and    $0xfffffffffffffff0,%rsp
  4010c1:	50                   	push   %rax
  4010c2:	54                   	push   %rsp
  4010c3:	45 31 c0             	xor    %r8d,%r8d
  4010c6:	31 c9                	xor    %ecx,%ecx
  4010c8:	48 c7 c7 96 11 40 00 	mov    $0x401196,%rdi
  4010cf:	ff 15 13 2f 00 00    	call   *0x2f13(%rip)        # 403fe8 <__libc_start_main@GLIBC_2.34>
  4010d5:	f4                   	hlt    
  4010d6:	66 2e 0f 1f 84 00 00 	cs nopw 0x0(%rax,%rax,1)
  4010dd:	00 00 00 

00000000004010e0 <_dl_relocate_static_pie>:
  4010e0:	f3 0f 1e fa          	endbr64 
  4010e4:	c3                   	ret    
  4010e5:	66 2e 0f 1f 84 00 00 	cs nopw 0x0(%rax,%rax,1)
  4010ec:	00 00 00 
  4010ef:	90                   	nop

00000000004010f0 <deregister_tm_clones>:
  4010f0:	b8 48 40 40 00       	mov    $0x404048,%eax
  4010f5:	48 3d 48 40 40 00    	cmp    $0x404048,%rax
  4010fb:	74 13                	je     401110 <deregister_tm_clones+0x20>
  4010fd:	b8 00 00 00 00       	mov    $0x0,%eax
  401102:	48 85 c0             	test   %rax,%rax
  401105:	74 09                	je     401110 <deregister_tm_clones+0x20>
  401107:	bf 48 40 40 00       	mov    $0x404048,%edi
  40110c:	ff e0                	jmp    *%rax
  40110e:	66 90                	xchg   %ax,%ax
  401110:	c3                   	ret    
  401111:	66 66 2e 0f 1f 84 00 	data16 cs nopw 0x0(%rax,%rax,1)
  401118:	00 00 00 00 
  40111c:	0f 1f 40 00          	nopl   0x0(%rax)

0000000000401120 <register_tm_clones>:
  401120:	be 48 40 40 00       	mov    $0x404048,%esi
  401125:	48 81 ee 48 40 40 00 	sub    $0x404048,%rsi
  40112c:	48 89 f0             	mov    %rsi,%rax
  40112f:	48 c1 ee 3f          	shr    $0x3f,%rsi
  401133:	48 c1 f8 03          	sar    $0x3,%rax
  401137:	48 01 c6             	add    %rax,%rsi
  40113a:	48 d1 fe             	sar    %rsi
  40113d:	74 11                	je     401150 <register_tm_clones+0x30>
  40113f:	b8 00 00 00 00       	mov    $0x0,%eax
  401144:	48 85 c0             	test   %rax,%rax
  401147:	74 07                	je     401150 <register_tm_clones+0x30>
  401149:	bf 48 40 40 00       	mov    $0x404048,%edi
  40114e:	ff e0                	jmp    *%rax
  401150:	c3                   	ret    
  401151:	66 66 2e 0f 1f 84 00 	data16 cs nopw 0x0(%rax,%rax,1)
  401158:	00 00 00 00 
  40115c:	0f 1f 40 00          	nopl   0x0(%rax)

0000000000401160 <__do_global_dtors_aux>:
  401160:	f3 0f 1e fa          	endbr64 
  401164:	80 3d 25 30 00 00 00 	cmpb   $0x0,0x3025(%rip)        # 404190 <completed.0>
  40116b:	75 13                	jne    401180 <__do_global_dtors_aux+0x20>
  40116d:	55                   	push   %rbp
  40116e:	48 89 e5             	mov    %rsp,%rbp
  401171:	e8 7a ff ff ff       	call   4010f0 <deregister_tm_clones>
  401176:	c6 05 13 30 00 00 01 	movb   $0x1,0x3013(%rip)        # 404190 <completed.0>
  40117d:	5d                   	pop    %rbp
  40117e:	c3                   	ret    
  40117f:	90                   	nop
  401180:	c3                   	ret    
  401181:	66 66 2e 0f 1f 84 00 	data16 cs nopw 0x0(%rax,%rax,1)
  401188:	00 00 00 00 
  40118c:	0f 1f 40 00          	nopl   0x0(%rax)

0000000000401190 <frame_dummy>:
  401190:	f3 0f 1e fa          	endbr64 
  401194:	eb 8a                	jmp    401120 <register_tm_clones>

0000000000401196 <main>:
  401196:	f3 0f 1e fa          	endbr64 
  40119a:	55                   	push   %rbp
  40119b:	48 89 e5             	mov    %rsp,%rbp
  40119e:	48 83 ec 10          	sub    $0x10,%rsp
  4011a2:	89 7d fc             	mov    %edi,-0x4(%rbp)
  4011a5:	48 89 75 f0          	mov    %rsi,-0x10(%rbp)
  4011a9:	e8 76 00 00 00       	call   401224 <_Z3foov>
  4011ae:	b8 00 00 00 00       	mov    $0x0,%eax
  4011b3:	c9                   	leave  
  4011b4:	c3                   	ret    

00000000004011b5 <_Z41__static_initialization_and_destruction_0ii>:
  4011b5:	f3 0f 1e fa          	endbr64 
  4011b9:	55                   	push   %rbp
  4011ba:	48 89 e5             	mov    %rsp,%rbp
  4011bd:	48 83 ec 10          	sub    $0x10,%rsp
  4011c1:	89 7d fc             	mov    %edi,-0x4(%rbp)
  4011c4:	89 75 f8             	mov    %esi,-0x8(%rbp)
  4011c7:	83 7d fc 01          	cmpl   $0x1,-0x4(%rbp)
  4011cb:	75 3b                	jne    401208 <_Z41__static_initialization_and_destruction_0ii+0x53>
  4011cd:	81 7d f8 ff ff 00 00 	cmpl   $0xffff,-0x8(%rbp)
  4011d4:	75 32                	jne    401208 <_Z41__static_initialization_and_destruction_0ii+0x53>
  4011d6:	48 8d 05 b4 2f 00 00 	lea    0x2fb4(%rip),%rax        # 404191 <_ZStL8__ioinit>
  4011dd:	48 89 c7             	mov    %rax,%rdi
  4011e0:	e8 bb fe ff ff       	call   4010a0 <_ZNSt8ios_base4InitC1Ev@plt>
  4011e5:	48 8d 05 54 2e 00 00 	lea    0x2e54(%rip),%rax        # 404040 <__dso_handle>
  4011ec:	48 89 c2             	mov    %rax,%rdx
  4011ef:	48 8d 05 9b 2f 00 00 	lea    0x2f9b(%rip),%rax        # 404191 <_ZStL8__ioinit>
  4011f6:	48 89 c6             	mov    %rax,%rsi
  4011f9:	48 8b 05 f8 2d 00 00 	mov    0x2df8(%rip),%rax        # 403ff8 <_ZNSt8ios_base4InitD1Ev@GLIBCXX_3.4>
  401200:	48 89 c7             	mov    %rax,%rdi
  401203:	e8 68 fe ff ff       	call   401070 <__cxa_atexit@plt>
  401208:	90                   	nop
  401209:	c9                   	leave  
  40120a:	c3                   	ret    

000000000040120b <_GLOBAL__sub_I_main>:
  40120b:	f3 0f 1e fa          	endbr64 
  40120f:	55                   	push   %rbp
  401210:	48 89 e5             	mov    %rsp,%rbp
  401213:	be ff ff 00 00       	mov    $0xffff,%esi
  401218:	bf 01 00 00 00       	mov    $0x1,%edi
  40121d:	e8 93 ff ff ff       	call   4011b5 <_Z41__static_initialization_and_destruction_0ii>
  401222:	5d                   	pop    %rbp
  401223:	c3                   	ret    

0000000000401224 <_Z3foov>:
  401224:	f3 0f 1e fa          	endbr64 
  401228:	55                   	push   %rbp
  401229:	48 89 e5             	mov    %rsp,%rbp
  40122c:	48 8d 05 d1 0d 00 00 	lea    0xdd1(%rip),%rax        # 402004 <_IO_stdin_used+0x4>
  401233:	48 89 c6             	mov    %rax,%rsi
  401236:	48 8d 05 43 2e 00 00 	lea    0x2e43(%rip),%rax        # 404080 <_ZSt4cout@GLIBCXX_3.4>
  40123d:	48 89 c7             	mov    %rax,%rdi
  401240:	e8 3b fe ff ff       	call   401080 <_ZStlsISt11char_traitsIcEERSt13basic_ostreamIcT_ES5_PKc@plt>
  401245:	48 8b 15 94 2d 00 00 	mov    0x2d94(%rip),%rdx        # 403fe0 <_ZSt4endlIcSt11char_traitsIcEERSt13basic_ostreamIT_T0_ES6_@GLIBCXX_3.4>
  40124c:	48 89 d6             	mov    %rdx,%rsi
  40124f:	48 89 c7             	mov    %rax,%rdi
  401252:	e8 39 fe ff ff       	call   401090 <_ZNSolsEPFRSoS_E@plt>
  401257:	90                   	nop
  401258:	5d                   	pop    %rbp
  401259:	c3                   	ret    

000000000040125a <_Z41__static_initialization_and_destruction_0ii>:
  40125a:	f3 0f 1e fa          	endbr64 
  40125e:	55                   	push   %rbp
  40125f:	48 89 e5             	mov    %rsp,%rbp
  401262:	48 83 ec 10          	sub    $0x10,%rsp
  401266:	89 7d fc             	mov    %edi,-0x4(%rbp)
  401269:	89 75 f8             	mov    %esi,-0x8(%rbp)
  40126c:	83 7d fc 01          	cmpl   $0x1,-0x4(%rbp)
  401270:	75 3b                	jne    4012ad <_Z41__static_initialization_and_destruction_0ii+0x53>
  401272:	81 7d f8 ff ff 00 00 	cmpl   $0xffff,-0x8(%rbp)
  401279:	75 32                	jne    4012ad <_Z41__static_initialization_and_destruction_0ii+0x53>
  40127b:	48 8d 05 10 2f 00 00 	lea    0x2f10(%rip),%rax        # 404192 <_ZStL8__ioinit>
  401282:	48 89 c7             	mov    %rax,%rdi
  401285:	e8 16 fe ff ff       	call   4010a0 <_ZNSt8ios_base4InitC1Ev@plt>
  40128a:	48 8d 05 af 2d 00 00 	lea    0x2daf(%rip),%rax        # 404040 <__dso_handle>
  401291:	48 89 c2             	mov    %rax,%rdx
  401294:	48 8d 05 f7 2e 00 00 	lea    0x2ef7(%rip),%rax        # 404192 <_ZStL8__ioinit>
  40129b:	48 89 c6             	mov    %rax,%rsi
  40129e:	48 8b 05 53 2d 00 00 	mov    0x2d53(%rip),%rax        # 403ff8 <_ZNSt8ios_base4InitD1Ev@GLIBCXX_3.4>
  4012a5:	48 89 c7             	mov    %rax,%rdi
  4012a8:	e8 c3 fd ff ff       	call   401070 <__cxa_atexit@plt>
  4012ad:	90                   	nop
  4012ae:	c9                   	leave  
  4012af:	c3                   	ret    

00000000004012b0 <_GLOBAL__sub_I__Z3foov>:
  4012b0:	f3 0f 1e fa          	endbr64 
  4012b4:	55                   	push   %rbp
  4012b5:	48 89 e5             	mov    %rsp,%rbp
  4012b8:	be ff ff 00 00       	mov    $0xffff,%esi
  4012bd:	bf 01 00 00 00       	mov    $0x1,%edi
  4012c2:	e8 93 ff ff ff       	call   40125a <_Z41__static_initialization_and_destruction_0ii>
  4012c7:	5d                   	pop    %rbp
  4012c8:	c3                   	ret    

Disassembly of section .fini:

00000000004012cc <_fini>:
  4012cc:	f3 0f 1e fa          	endbr64 
  4012d0:	48 83 ec 08          	sub    $0x8,%rsp
  4012d4:	48 83 c4 08          	add    $0x8,%rsp
  4012d8:	c3                   	ret    
